[     102ms] [ERROR] ./src/components/3d/CameraScene.tsx:119:4
Error: Expression expected
  117 |       });
  118 |     };
> 119 |   }, []);
      |    ^
  120 |
  121 |   useFrame(() => {
  122 |     if (!groupRef.current) return;

Parsing ecmascript source code failed

Import traces:
  Client Component Browser:
    ./src/components/3d/CameraScene.tsx [Client Component Browser]
    ./src/components/sections/Hero.tsx [Client Component Browser]
    ./src/app/page.tsx [Client Component Browser]
    ./src/app/page.tsx [Server Component]

  Client Component SSR:
    ./src/components/3d/CameraScene.tsx [Client Component SSR]
    ./src/components/sections/Hero.tsx [Client Component SSR]
    ./src/app/page.tsx [Client Component SSR]
    ./src/app/page.tsx [Server Component] @ http://localhost:3000/_next/static/chunks/node_modules_next_dist_1e8vcs8._.js:1052
[     303ms] [LOG] [Fast Refresh] rebuilding @ http://localhost:3000/_next/static/chunks/node_modules_next_dist_1e8vcs8._.js:776
[    1810ms] [ERROR] ./src/components/3d/CameraScene.tsx:119:4
Error: Expression expected
  117 |       });
  118 |     };
> 119 |   }, []);
      |    ^
  120 |
  121 |   useFrame(() => {
  122 |     if (!groupRef.current) return;

Parsing ecmascript source code failed

Import traces:
  Client Component Browser:
    ./src/components/3d/CameraScene.tsx [Client Component Browser]
    ./src/components/sections/Hero.tsx [Client Component Browser]
    ./src/app/page.tsx [Client Component Browser]
    ./src/app/page.tsx [Server Component]

  Client Component SSR:
    ./src/components/3d/CameraScene.tsx [Client Component SSR]
    ./src/components/sections/Hero.tsx [Client Component SSR]
    ./src/app/page.tsx [Client Component SSR]
    ./src/app/page.tsx [Server Component] @ http://localhost:3000/_next/static/chunks/node_modules_next_dist_1e8vcs8._.js:1052
[    1900ms] [ERROR] ./src/components/3d/CameraScene.tsx:119:4
Error: Expression expected
  117 |       });
  118 |     };
> 119 |   }, []);
      |    ^
  120 |
  121 |   useFrame(() => {
  122 |     if (!groupRef.current) return;

Parsing ecmascript source code failed

Import traces:
  Client Component Browser:
    ./src/components/3d/CameraScene.tsx [Client Component Browser]
    ./src/components/sections/Hero.tsx [Client Component Browser]
    ./src/app/page.tsx [Client Component Browser]
    ./src/app/page.tsx [Server Component]

  Client Component SSR:
    ./src/components/3d/CameraScene.tsx [Client Component SSR]
    ./src/components/sections/Hero.tsx [Client Component SSR]
    ./src/app/page.tsx [Client Component SSR]
    ./src/app/page.tsx [Server Component] @ http://localhost:3000/_next/static/chunks/node_modules_next_dist_1e8vcs8._.js:1052
[    2104ms] [LOG] [Fast Refresh] rebuilding @ http://localhost:3000/_next/static/chunks/node_modules_next_dist_1e8vcs8._.js:776
[    3021ms] [ERROR] ./src/components/3d/CameraScene.tsx:119:4
Error: Expression expected
  117 |       });
  118 |     };
> 119 |   }, []);
      |    ^
  120 |
  121 |   useFrame(() => {
  122 |     if (!groupRef.current) return;

Parsing ecmascript source code failed

Import traces:
  Client Component Browser:
    ./src/components/3d/CameraScene.tsx [Client Component Browser]
    ./src/components/sections/Hero.tsx [Client Component Browser]
    ./src/app/page.tsx [Client Component Browser]
    ./src/app/page.tsx [Server Component]

  Client Component SSR:
    ./src/components/3d/CameraScene.tsx [Client Component SSR]
    ./src/components/sections/Hero.tsx [Client Component SSR]
    ./src/app/page.tsx [Client Component SSR]
    ./src/app/page.tsx [Server Component] @ http://localhost:3000/_next/static/chunks/node_modules_next_dist_1e8vcs8._.js:1052
[    4198ms] [ERROR] Failed to load resource: the server responded with a status of 500 (Internal Server Error) @ http://localhost:3000/:0
[    5036ms] [INFO] %cDownload the React DevTools for a better development experience: https://react.dev/link/react-devtools font-weight:bold @ http://localhost:3000/_next/static/chunks/node_modules_react-dom_0kla17-._.js:15093
[    5317ms] Error: ./src/components/3d/CameraScene.tsx:119:4
Error: Expression expected
  117 |       });
  118 |     };
> 119 |   }, []);
      |    ^
  120 |
  121 |   useFrame(() => {
  122 |     if (!groupRef.current) return;

Parsing ecmascript source code failed

Import traces:
  Client Component Browser:
    ./src/components/3d/CameraScene.tsx [Client Component Browser]
    ./src/components/sections/Hero.tsx [Client Component Browser]
    ./src/app/page.tsx [Client Component Browser]
    ./src/app/page.tsx [Server Component]

  Client Component SSR:
    ./src/components/3d/CameraScene.tsx [Client Component SSR]
    ./src/components/sections/Hero.tsx [Client Component SSR]
    ./src/app/page.tsx [Client Component SSR]
    ./src/app/page.tsx [Server Component]


    at <unknown> (Error: ./src/components/3d/CameraScene.tsx:119:4)
    at Object.getCompilationErrors (file:///home/user/Desktop/precious_one/node_modules/next/dist/server/dev/hot-reloader-turbopack.js:1417:59)
    at DevBundlerService.getCompilationError (file:///home/user/Desktop/precious_one/node_modules/next/dist/server/lib/dev-bundler-service.js:59:55)
    at DevServer.getCompilationError (file:///home/user/Desktop/precious_one/node_modules/next/dist/server/dev/next-dev-server.js:754:42)
    at DevServer.findPageComponents (file:///home/user/Desktop/precious_one/node_modules/next/dist/server/dev/next-dev-server.js:724:43)
    at async DevServer.renderErrorToResponseImpl (file:///home/user/Desktop/precious_one/node_modules/next/dist/server/base-server.js:1828:26)
[    5313ms] [LOG] [HMR] connected @ http://localhost:3000/_next/static/chunks/node_modules_next_dist_1gdrd03._.js:756
[    5663ms] [ERROR] ./src/components/3d/CameraScene.tsx:119:4
Error: Expression expected
  117 |       });
  118 |     };
> 119 |   }, []);
      |    ^
  120 |
  121 |   useFrame(() => {
  122 |     if (!groupRef.current) return;

Parsing ecmascript source code failed

Import traces:
  Client Component Browser:
    ./src/components/3d/CameraScene.tsx [Client Component Browser]
    ./src/components/sections/Hero.tsx [Client Component Browser]
    ./src/app/page.tsx [Client Component Browser]
    ./src/app/page.tsx [Server Component]

  Client Component SSR:
    ./src/components/3d/CameraScene.tsx [Client Component SSR]
    ./src/components/sections/Hero.tsx [Client Component SSR]
    ./src/app/page.tsx [Client Component SSR]
    ./src/app/page.tsx [Server Component] @ http://localhost:3000/_next/static/chunks/node_modules_next_dist_1gdrd03._.js:1817
[    5676ms] [ERROR] ./src/components/3d/CameraScene.tsx:119:4
Error: Expression expected
  117 |       });
  118 |     };
> 119 |   }, []);
      |    ^
  120 |
  121 |   useFrame(() => {
  122 |     if (!groupRef.current) return;

Parsing ecmascript source code failed

Import traces:
  Client Component Browser:
    ./src/components/3d/CameraScene.tsx [Client Component Browser]
    ./src/components/sections/Hero.tsx [Client Component Browser]
    ./src/app/page.tsx [Client Component Browser]
    ./src/app/page.tsx [Server Component]

  Client Component SSR:
    ./src/components/3d/CameraScene.tsx [Client Component SSR]
    ./src/components/sections/Hero.tsx [Client Component SSR]
    ./src/app/page.tsx [Client Component SSR]
    ./src/app/page.tsx [Server Component] @ http://localhost:3000/_next/static/chunks/node_modules_next_dist_1gdrd03._.js:1817
[    5755ms] [ERROR] ./src/components/3d/CameraScene.tsx:119:4
Error: Expression expected
  117 |       });
  118 |     };
> 119 |   }, []);
      |    ^
  120 |
  121 |   useFrame(() => {
  122 |     if (!groupRef.current) return;

Parsing ecmascript source code failed

Import traces:
  Client Component Browser:
    ./src/components/3d/CameraScene.tsx [Client Component Browser]
    ./src/components/sections/Hero.tsx [Client Component Browser]
    ./src/app/page.tsx [Client Component Browser]
    ./src/app/page.tsx [Server Component]

  Client Component SSR:
    ./src/components/3d/CameraScene.tsx [Client Component SSR]
    ./src/components/sections/Hero.tsx [Client Component SSR]
    ./src/app/page.tsx [Client Component SSR]
    ./src/app/page.tsx [Server Component] @ http://localhost:3000/_next/static/chunks/node_modules_next_dist_1gdrd03._.js:1817
[    5840ms] [LOG] [Fast Refresh] rebuilding @ http://localhost:3000/_next/static/chunks/node_modules_next_dist_1gdrd03._.js:756
[    6189ms] [ERROR] ./src/components/3d/CameraScene.tsx:119:4
Error: Expression expected
  117 |       });
  118 |     };
> 119 |   }, []);
      |    ^
  120 |
  121 |   useFrame(() => {
  122 |     if (!groupRef.current) return;

Parsing ecmascript source code failed

Import traces:
  Client Component Browser:
    ./src/components/3d/CameraScene.tsx [Client Component Browser]
    ./src/components/sections/Hero.tsx [Client Component Browser]
    ./src/app/page.tsx [Client Component Browser]
    ./src/app/page.tsx [Server Component]

  Client Component SSR:
    ./src/components/3d/CameraScene.tsx [Client Component SSR]
    ./src/components/sections/Hero.tsx [Client Component SSR]
    ./src/app/page.tsx [Client Component SSR]
    ./src/app/page.tsx [Server Component] @ http://localhost:3000/_next/static/chunks/node_modules_next_dist_1gdrd03._.js:1817
[    6298ms] [LOG] [Fast Refresh] rebuilding @ http://localhost:3000/_next/static/chunks/node_modules_next_dist_1gdrd03._.js:756
[   69158ms] [ERROR] ./src/components/3d/CameraScene.tsx:115:4
Error: Expression expected
  113 |       cancelled = true;
  114 |     };
> 115 |   }, []);
      |    ^
  116 |
  117 |   useFrame(() => {
  118 |     if (!groupRef.current) return;

Parsing ecmascript source code failed

Import traces:
  Client Component Browser:
    ./src/components/3d/CameraScene.tsx [Client Component Browser]
    ./src/components/sections/Hero.tsx [Client Component Browser]
    ./src/app/page.tsx [Client Component Browser]
    ./src/app/page.tsx [Server Component]

  Client Component SSR:
    ./src/components/3d/CameraScene.tsx [Client Component SSR]
    ./src/components/sections/Hero.tsx [Client Component SSR]
    ./src/app/page.tsx [Client Component SSR]
    ./src/app/page.tsx [Server Component] @ http://localhost:3000/_next/static/chunks/node_modules_next_dist_1gdrd03._.js:1817
[   69184ms] [LOG] [Fast Refresh] rebuilding @ http://localhost:3000/_next/static/chunks/node_modules_next_dist_1gdrd03._.js:756
