[     110ms] [LOG] [Fast Refresh] done in 69ms @ http://localhost:3000/_next/static/chunks/node_modules_next_dist_1e8vcs8._.js:776
[     292ms] [LOG] [Fast Refresh] done in 69ms @ http://localhost:3000/_next/static/chunks/node_modules_next_dist_1e8vcs8._.js:776
[     703ms] [INFO] %cDownload the React DevTools for a better development experience: https://react.dev/link/react-devtools font-weight:bold @ http://localhost:3000/_next/static/chunks/node_modules_next_dist_1e8vcs8._.js:776
[     759ms] [LOG] [HMR] connected @ http://localhost:3000/_next/static/chunks/node_modules_next_dist_1e8vcs8._.js:776
[    1559ms] [WARNING] THREE.Clock: This module has been deprecated. Please use THREE.Timer instead. @ http://localhost:3000/_next/static/chunks/node_modules_next_dist_1e8vcs8._.js:776
[  245893ms] [LOG] [Fast Refresh] rebuilding @ http://localhost:3000/_next/static/chunks/node_modules_next_dist_1e8vcs8._.js:776
[  246166ms] [ERROR] ./src/components/3d/CameraScene.tsx:120:4
Error: Expression expected
  118 |       });
  119 |     };
> 120 |   }, []);
      |    ^
  121 |
  122 |   useFrame(() => {
  123 |     if (!groupRef.current) return;

Parsing ecmascript source code failed

Import traces:
  Client Component Browser:
    ./src/components/3d/CameraScene.tsx [Client Component Browser]
    ./src/components/sections/Hero.tsx [Client Component Browser]
    ./src/app/page.tsx [Client Component Browser]
    ./src/app/page.tsx [Server Component]

  Client Component SSR:
    ./src/components/3d/CameraScene.tsx [Client Component SSR]
    ./src/components/sections/Hero.tsx [Client Component SSR]
    ./src/app/page.tsx [Client Component SSR]
    ./src/app/page.tsx [Server Component] @ http://localhost:3000/_next/static/chunks/node_modules_next_dist_1e8vcs8._.js:1052
[  246641ms] [ERROR] ./src/components/3d/CameraScene.tsx:120:4
Error: Expression expected
  118 |       });
  119 |     };
> 120 |   }, []);
      |    ^
  121 |
  122 |   useFrame(() => {
  123 |     if (!groupRef.current) return;

Parsing ecmascript source code failed

Import traces:
  Client Component Browser:
    ./src/components/3d/CameraScene.tsx [Client Component Browser]
    ./src/components/sections/Hero.tsx [Client Component Browser]
    ./src/app/page.tsx [Client Component Browser]
    ./src/app/page.tsx [Server Component]

  Client Component SSR:
    ./src/components/3d/CameraScene.tsx [Client Component SSR]
    ./src/components/sections/Hero.tsx [Client Component SSR]
    ./src/app/page.tsx [Client Component SSR]
    ./src/app/page.tsx [Server Component] @ http://localhost:3000/_next/static/chunks/node_modules_next_dist_1e8vcs8._.js:1052
[  294367ms] [LOG] [Fast Refresh] rebuilding @ http://localhost:3000/_next/static/chunks/node_modules_next_dist_1e8vcs8._.js:776
[  294462ms] [ERROR] ./src/components/3d/CameraScene.tsx:119:4
Error: Expression expected
  117 |       });
  118 |     };
> 119 |   }, []);
      |    ^
  120 |
  121 |   useFrame(() => {
  122 |     if (!groupRef.current) return;

Parsing ecmascript source code failed

Import traces:
  Client Component Browser:
    ./src/components/3d/CameraScene.tsx [Client Component Browser]
    ./src/components/sections/Hero.tsx [Client Component Browser]
    ./src/app/page.tsx [Client Component Browser]
    ./src/app/page.tsx [Server Component]

  Client Component SSR:
    ./src/components/3d/CameraScene.tsx [Client Component SSR]
    ./src/components/sections/Hero.tsx [Client Component SSR]
    ./src/app/page.tsx [Client Component SSR]
    ./src/app/page.tsx [Server Component] @ http://localhost:3000/_next/static/chunks/node_modules_next_dist_1e8vcs8._.js:1052
