[     325ms] [ERROR] Failed to load resource: the server responded with a status of 500 (Internal Server Error) @ http://localhost:3000/:0
[     660ms] [INFO] %cDownload the React DevTools for a better development experience: https://react.dev/link/react-devtools font-weight:bold @ http://localhost:3000/_next/static/chunks/node_modules_react-dom_0kla17-._.js:15093
[     814ms] Error: ./src/components/sections/Portfolio.tsx:122:1
Error: Unexpected token. Did you mean `{'}'}` or `&rbrace;`?
  120 |     </section>
  121 |   );
> 122 | }
      | ^

Parsing ecmascript source code failed

Import traces:
  Client Component Browser:
    ./src/components/sections/Portfolio.tsx [Client Component Browser]
    ./src/app/page.tsx [Client Component Browser]
    ./src/app/page.tsx [Server Component]

  Client Component SSR:
    ./src/components/sections/Portfolio.tsx [Client Component SSR]
    ./src/app/page.tsx [Client Component SSR]
    ./src/app/page.tsx [Server Component]


    at <unknown> (Error: ./src/components/sections/Portfolio.tsx:122:1)
    at Object.getCompilationErrors (file:///home/user/Desktop/precious_one/node_modules/next/dist/server/dev/hot-reloader-turbopack.js:1417:59)
    at DevBundlerService.getCompilationError (file:///home/user/Desktop/precious_one/node_modules/next/dist/server/lib/dev-bundler-service.js:59:55)
    at DevServer.getCompilationError (file:///home/user/Desktop/precious_one/node_modules/next/dist/server/dev/next-dev-server.js:754:42)
    at DevServer.findPageComponents (file:///home/user/Desktop/precious_one/node_modules/next/dist/server/dev/next-dev-server.js:724:43)
    at async DevServer.renderErrorToResponseImpl (file:///home/user/Desktop/precious_one/node_modules/next/dist/server/base-server.js:1828:26)
[     719ms] [LOG] [HMR] connected @ http://localhost:3000/_next/static/chunks/node_modules_next_dist_1gdrd03._.js:756
[     768ms] [ERROR] ./src/components/sections/Portfolio.tsx:122:1
Error: Unexpected token. Did you mean `{'}'}` or `&rbrace;`?
  120 |     </section>
  121 |   );
> 122 | }
      | ^

Parsing ecmascript source code failed

Import traces:
  Client Component Browser:
    ./src/components/sections/Portfolio.tsx [Client Component Browser]
    ./src/app/page.tsx [Client Component Browser]
    ./src/app/page.tsx [Server Component]

  Client Component SSR:
    ./src/components/sections/Portfolio.tsx [Client Component SSR]
    ./src/app/page.tsx [Client Component SSR]
    ./src/app/page.tsx [Server Component] @ http://localhost:3000/_next/static/chunks/node_modules_next_dist_1gdrd03._.js:1817
[     837ms] [ERROR] ./src/components/sections/Portfolio.tsx:122:1
Error: Unexpected token. Did you mean `{'}'}` or `&rbrace;`?
  120 |     </section>
  121 |   );
> 122 | }
      | ^

Parsing ecmascript source code failed

Import traces:
  Client Component Browser:
    ./src/components/sections/Portfolio.tsx [Client Component Browser]
    ./src/app/page.tsx [Client Component Browser]
    ./src/app/page.tsx [Server Component]

  Client Component SSR:
    ./src/components/sections/Portfolio.tsx [Client Component SSR]
    ./src/app/page.tsx [Client Component SSR]
    ./src/app/page.tsx [Server Component] @ http://localhost:3000/_next/static/chunks/node_modules_next_dist_1gdrd03._.js:1817
[     914ms] [ERROR] ./src/components/sections/Portfolio.tsx:122:1
Error: Unexpected token. Did you mean `{'}'}` or `&rbrace;`?
  120 |     </section>
  121 |   );
> 122 | }
      | ^

Parsing ecmascript source code failed

Import traces:
  Client Component Browser:
    ./src/components/sections/Portfolio.tsx [Client Component Browser]
    ./src/app/page.tsx [Client Component Browser]
    ./src/app/page.tsx [Server Component]

  Client Component SSR:
    ./src/components/sections/Portfolio.tsx [Client Component SSR]
    ./src/app/page.tsx [Client Component SSR]
    ./src/app/page.tsx [Server Component] @ http://localhost:3000/_next/static/chunks/node_modules_next_dist_1gdrd03._.js:1817
[    1274ms] [ERROR] ./src/components/sections/Portfolio.tsx:122:1
Error: Unexpected token. Did you mean `{'}'}` or `&rbrace;`?
  120 |     </section>
  121 |   );
> 122 | }
      | ^

Parsing ecmascript source code failed

Import traces:
  Client Component Browser:
    ./src/components/sections/Portfolio.tsx [Client Component Browser]
    ./src/app/page.tsx [Client Component Browser]
    ./src/app/page.tsx [Server Component]

  Client Component SSR:
    ./src/components/sections/Portfolio.tsx [Client Component SSR]
    ./src/app/page.tsx [Client Component SSR]
    ./src/app/page.tsx [Server Component] @ http://localhost:3000/_next/static/chunks/node_modules_next_dist_1gdrd03._.js:1817
[    1576ms] [ERROR] ./src/components/sections/Portfolio.tsx:122:1
Error: Unexpected token. Did you mean `{'}'}` or `&rbrace;`?
  120 |     </section>
  121 |   );
> 122 | }
      | ^

Parsing ecmascript source code failed

Import traces:
  Client Component Browser:
    ./src/components/sections/Portfolio.tsx [Client Component Browser]
    ./src/app/page.tsx [Client Component Browser]
    ./src/app/page.tsx [Server Component]

  Client Component SSR:
    ./src/components/sections/Portfolio.tsx [Client Component SSR]
    ./src/app/page.tsx [Client Component SSR]
    ./src/app/page.tsx [Server Component] @ http://localhost:3000/_next/static/chunks/node_modules_next_dist_1gdrd03._.js:1817
[    1614ms] [LOG] [Fast Refresh] rebuilding @ http://localhost:3000/_next/static/chunks/node_modules_next_dist_1gdrd03._.js:756
[   32145ms] [LOG] [Fast Refresh] rebuilding @ http://localhost:3000/_next/static/chunks/node_modules_next_dist_1gdrd03._.js:756
[   32164ms] [WARNING] [Fast Refresh] performing full reload because your application had an unrecoverable error @ http://localhost:3000/_next/static/chunks/node_modules_next_dist_1gdrd03._.js:756
[   32269ms] [LOG] [Fast Refresh] done in 74ms @ http://localhost:3000/_next/static/chunks/node_modules_next_dist_1gdrd03._.js:756
[   32379ms] [LOG] [Fast Refresh] done in 74ms @ http://localhost:3000/_next/static/chunks/node_modules_next_dist_1gdrd03._.js:756
[   32809ms] [LOG] [Fast Refresh] done in 74ms @ http://localhost:3000/_next/static/chunks/node_modules_next_dist_1gdrd03._.js:756
[   34136ms] [ERROR] Failed to load resource: the server responded with a status of 404 (Not Found) @ http://localhost:3000/assets/Camera_components_assembling_and%E2%80%A6_202609020018.mp4:0
[   34611ms] [INFO] %cDownload the React DevTools for a better development experience: https://react.dev/link/react-devtools font-weight:bold @ http://localhost:3000/_next/static/chunks/node_modules_next_dist_1e8vcs8._.js:776
[   34889ms] [LOG] [HMR] connected @ http://localhost:3000/_next/static/chunks/node_modules_next_dist_1e8vcs8._.js:776
